app/api/admin/stats/route.ts(17,52): error TS7006: Parameter 'acc' implicitly has an 'any' type.
app/api/admin/stats/route.ts(17,57): error TS7006: Parameter 'p' implicitly has an 'any' type.
app/api/auth/github/callback/route.ts(130,39): error TS2339: Property 'profile_picture' does not exist on type 'GitHubUserInfo'.
app/api/milestones/route.ts(123,33): error TS18048: 'project.total_budget' is possibly 'undefined'.
app/api/notifications/route.ts(51,37): error TS7006: Parameter 'n' implicitly has an 'any' type.
app/api/payments/route.ts(19,20): error TS2339: Property 'verified' does not exist on type 'string | JwtPayload'.
  Property 'verified' does not exist on type 'string'.
app/api/payments/route.ts(19,40): error TS2339: Property 'type' does not exist on type 'string | JwtPayload'.
  Property 'type' does not exist on type 'string'.
app/api/wallet/route-old.ts(19,59): error TS2872: This kind of expression is always truthy.
app/api/wallet/route-old.ts(71,61): error TS2872: This kind of expression is always truthy.
app/api/wallet/route-old.ts(87,61): error TS2872: This kind of expression is always truthy.
app/api/wallet/route.ts(6,3): error TS2305: Module '"@/lib/supabase"' has no exported member 'getPaymentsByProject'.
app/api/wallet/route.ts(94,79): error TS2339: Property 'pending_balance' does not exist on type 'Wallet'.
app/api/wallet/route.ts(138,64): error TS2339: Property 'pending_balance' does not exist on type 'Wallet'.
app/api/wallet/route.ts(178,34): error TS2339: Property 'pending_balance' does not exist on type 'Wallet'.
app/api/wallet/route.ts(180,53): error TS2554: Expected 2 arguments, but got 3.
app/api/wallet/route.ts(201,32): error TS2339: Property 'total_earned' does not exist on type 'Wallet'.
app/api/wallet/route.ts(206,9): error TS2554: Expected 2 arguments, but got 4.
app/api/wallet/route.ts(206,16): error TS2339: Property 'pending_balance' does not exist on type 'Wallet'.
app/api/wallet/route.ts(246,34): error TS2339: Property 'pending_balance' does not exist on type 'Wallet'.
app/api/wallet/route.ts(251,9): error TS2554: Expected 2 arguments, but got 3.
app/api/wallet/route.ts(290,46): error TS2339: Property 'pending_balance' does not exist on type 'Wallet'.
app/api/wallet/route.ts(295,9): error TS2554: Expected 2 arguments, but got 3.
app/applications/page.tsx(153,73): error TS2345: Argument of type 'string' is not assignable to parameter of type 'SetStateAction<"list" | "recommendations" | "comparison">'.
app/auth/login/page.tsx(257,65): error TS2322: Type '{ fullWidth: true; variant: "outline"; className: string; }' is not assignable to type 'IntrinsicAttributes & GoogleSignInProps'.
  Property 'className' does not exist on type 'IntrinsicAttributes & GoogleSignInProps'.
app/auth/login/page.tsx(258,65): error TS2322: Type '{ fullWidth: true; variant: "outline"; className: string; }' is not assignable to type 'IntrinsicAttributes & GitHubSignInProps'.
  Property 'className' does not exist on type 'IntrinsicAttributes & GitHubSignInProps'.
app/auth/register/page.tsx(426,65): error TS2322: Type '{ fullWidth: true; variant: "outline"; className: string; }' is not assignable to type 'IntrinsicAttributes & GoogleSignInProps'.
  Property 'className' does not exist on type 'IntrinsicAttributes & GoogleSignInProps'.
app/auth/register/page.tsx(427,65): error TS2322: Type '{ fullWidth: true; variant: "outline"; className: string; }' is not assignable to type 'IntrinsicAttributes & GitHubSignInProps'.
  Property 'className' does not exist on type 'IntrinsicAttributes & GitHubSignInProps'.
app/client/dashboard/page.tsx(90,21): error TS2339: Property 'avatar_url' does not exist on type 'AuthUser'.
app/client/dashboard/page.tsx(90,51): error TS2339: Property 'avatar_url' does not exist on type 'AuthUser'.
app/client/dashboard/page.tsx(100,143): error TS2339: Property 'full_name' does not exist on type 'AuthUser'.
app/freelancer/dashboard/page.tsx(91,21): error TS2339: Property 'avatar_url' does not exist on type 'AuthUser'.
app/freelancer/dashboard/page.tsx(91,51): error TS2339: Property 'avatar_url' does not exist on type 'AuthUser'.
app/freelancer/dashboard/page.tsx(91,157): error TS2339: Property 'full_name' does not exist on type 'AuthUser'.
app/freelancer/dashboard/page.tsx(100,23): error TS2339: Property 'full_name' does not exist on type 'AuthUser'.
app/freelancer/dashboard/page.tsx(104,93): error TS2339: Property 'full_name' does not exist on type 'AuthUser'.
app/wallet/page.tsx(111,143): error TS2339: Property 'full_name' does not exist on type 'AuthUser'.
components/dashboard/auth-guard.tsx(79,24): error TS2339: Property 'user_type' does not exist on type '{}'.
components/dashboard/auth-guard.tsx(79,55): error TS2339: Property 'userType' does not exist on type '{}'.
components/dashboard/auth-guard.tsx(81,33): error TS2339: Property 'user_type' does not exist on type '{}'.
components/dashboard/auth-guard.tsx(102,25): error TS2339: Property 'name' does not exist on type '{}'.
components/dashboard/auth-guard.tsx(102,38): error TS2339: Property 'email' does not exist on type '{}'.
components/dashboard/auth-guard.tsx(103,26): error TS2339: Property 'el_space_id' does not exist on type '{}'.
components/ui/github-signin-button.tsx(54,7): error TS2322: Type '"lg" | "md" | "sm"' is not assignable to type '"lg" | "sm" | "default" | "icon" | "icon-sm" | "icon-lg" | null | undefined'.
  Type '"md"' is not assignable to type '"lg" | "sm" | "default" | "icon" | "icon-sm" | "icon-lg" | null | undefined'.
components/ui/google-signin-button.tsx(54,7): error TS2322: Type '"lg" | "md" | "sm"' is not assignable to type '"lg" | "sm" | "default" | "icon" | "icon-sm" | "icon-lg" | null | undefined'.
  Type '"md"' is not assignable to type '"lg" | "sm" | "default" | "icon" | "icon-sm" | "icon-lg" | null | undefined'.
lib/email.ts(55,11): error TS18046: 'data' is of type 'unknown'.
lib/email.ts(69,74): error TS2345: Argument of type 'unknown' is not assignable to parameter of type 'Record<string, any>'.
lib/email.ts(75,11): error TS18046: 'data' is of type 'unknown'.
lib/email.ts(89,74): error TS2345: Argument of type 'unknown' is not assignable to parameter of type 'Record<string, any>'.
lib/email.ts(281,32): error TS18046: 'data' is of type 'unknown'.
lib/email.ts(282,50): error TS18046: 'data' is of type 'unknown'.
lib/email.ts(286,6): error TS18046: 'data' is of type 'unknown'.
lib/email.ts(288,30): error TS18046: 'data' is of type 'unknown'.
lib/email.ts(288,59): error TS18046: 'data' is of type 'unknown'.
lib/email.ts(290,15): error TS18046: 'data' is of type 'unknown'.
lib/email.ts(291,12): error TS18046: 'data' is of type 'unknown'.
lib/email.ts(292,18): error TS18046: 'data' is of type 'unknown'.
lib/email.ts(302,6): error TS18046: 'data' is of type 'unknown'.
lib/email.ts(304,15): error TS18046: 'data' is of type 'unknown'.
lib/email.ts(304,62): error TS18046: 'data' is of type 'unknown'.
lib/email.ts(306,12): error TS18046: 'data' is of type 'unknown'.
lib/email.ts(307,34): error TS18046: 'data' is of type 'unknown'.
lib/email.ts(319,71): error TS2345: Argument of type 'unknown' is not assignable to parameter of type 'Record<string, any>'.
lib/email.ts(324,50): error TS18046: 'data' is of type 'unknown'.
lib/email.ts(340,67): error TS2345: Argument of type 'unknown' is not assignable to parameter of type 'Record<string, any>'.
lib/email.ts(345,45): error TS18046: 'data' is of type 'unknown'.
lib/email.ts(345,71): error TS18046: 'data' is of type 'unknown'.
lib/email.ts(364,67): error TS2345: Argument of type 'unknown' is not assignable to parameter of type 'Record<string, any>'.
lib/email.ts(397,71): error TS2345: Argument of type 'unknown' is not assignable to parameter of type 'Record<string, any>'.
lib/email.ts(430,71): error TS2345: Argument of type 'unknown' is not assignable to parameter of type 'Record<string, any>'.
lib/push-notifications.ts(1,21): error TS7016: Could not find a declaration file for module 'web-push'. '/app/node_modules/.pnpm/web-push@3.6.7/node_modules/web-push/src/index.js' implicitly has an 'any' type.
  Try `npm i --save-dev @types/web-push` if it exists or add a new declaration (.d.ts) file containing `declare module 'web-push';`
lib/supabase-jwt.ts(128,20): error TS2769: No overload matches this call.
  The last overload gave the following error.
    Type 'string' is not assignable to type 'Algorithm'.
